Microchip Technology Inc, v1.26 (A)

Tool Name:
  c:\program files (x86)\microchip\xc16\v1.26\bin\bin\..\bin/elf-ld.exe

Command:
  -p24HJ128GP206 \
  -o \
  dist/default/production/Print3D_Kin.X.production.elf \
  -Lc:/program files (x86)/microchip/xc16/v1.26/bin/bin/.. \
  -Lc:/program files (x86)/microchip/xc16/v1.26/bin/bin/../../lib \
  -Lc:/program files (x86)/microchip/xc16/v1.26/bin/bin/../../support/PIC24E/gld \
  -Lc:/program files (x86)/microchip/xc16/v1.26/bin/bin/../../support/PIC24F/gld \
  -Lc:/program files (x86)/microchip/xc16/v1.26/bin/bin/../../support/PIC24H/gld \
  -Lc:/program files (x86)/microchip/xc16/v1.26/bin/bin/../../support/dsPIC30F/gld \
  -Lc:/program files (x86)/microchip/xc16/v1.26/bin/bin/../../support/dsPIC33E/gld \
  -Lc:/program files (x86)/microchip/xc16/v1.26/bin/bin/../../support/dsPIC33F/gld \
  build/default/production/source/print3d_kinmain.o \
  --defsym=__MPLAB_BUILD=1 \
  -Tp24HJ128GP206.gld.00 \
  --stack=16 \
  --check-sections \
  --data-init \
  --pack-data \
  --handles \
  --isr \
  --no-gc-sections \
  --fill-upper=0 \
  --stackguard=16 \
  --no-force-link \
  --smart-io \
  -Map=dist/default/production/Print3D_Kin.X.production.map \
  --report-mem \
  --memorysummary \
  dist/default/production/memoryfile.xml \
  -start-group \
  --library=pic30-elf \
  --library=m-elf \
  --library=c-elf \
  -end-group \


Optional library libp24HJ128GP206.a not found
Archive member included because of file (symbol)

c:/program files (x86)/microchip/xc16/v1.26/bin/bin/../../lib\libpic30-elf.a(crt0_standard.o)
                              (__resetPRI)
c:/program files (x86)/microchip/xc16/v1.26/bin/bin/../../lib\libpic30-elf.a(data_init_standard.o)
                              c:/program files (x86)/microchip/xc16/v1.26/bin/bin/../../lib\libpic30-elf.a(crt0_standard.o) (__data_init_standard)
c:/program files (x86)/microchip/xc16/v1.26/bin/bin/../../lib\libpic30-elf.a(delay32.eo)
                              build/default/production/source/print3d_kinmain.o (___delay32)
c:/program files (x86)/microchip/xc16/v1.26/bin/bin/../../lib\libm-elf.a(addsf3.eo)
                              build/default/production/source/print3d_kinmain.o (___subsf3)
c:/program files (x86)/microchip/xc16/v1.26/bin/bin/../../lib\libm-elf.a(divsf3.eo)
                              build/default/production/source/print3d_kinmain.o (___divsf3)
c:/program files (x86)/microchip/xc16/v1.26/bin/bin/../../lib\libm-elf.a(feqltle.eo)
                              build/default/production/source/print3d_kinmain.o (___ltsf2)
c:/program files (x86)/microchip/xc16/v1.26/bin/bin/../../lib\libm-elf.a(fgtge.eo)
                              build/default/production/source/print3d_kinmain.o (___gtsf2)
c:/program files (x86)/microchip/xc16/v1.26/bin/bin/../../lib\libm-elf.a(fixsfsi.eo)
                              build/default/production/source/print3d_kinmain.o (_(float, int, long long, short, float, short, int))
c:/program files (x86)/microchip/xc16/v1.26/bin/bin/../../lib\libm-elf.a(floatsisf.eo)
                              build/default/production/source/print3d_kinmain.o (___floatsisf)
c:/program files (x86)/microchip/xc16/v1.26/bin/bin/../../lib\libm-elf.a(floatunsisf.eo)
                              build/default/production/source/print3d_kinmain.o (___floatunsisf)
c:/program files (x86)/microchip/xc16/v1.26/bin/bin/../../lib\libm-elf.a(fpack.eo)
                              c:/program files (x86)/microchip/xc16/v1.26/bin/bin/../../lib\libm-elf.a(addsf3.eo) (__fpack)
c:/program files (x86)/microchip/xc16/v1.26/bin/bin/../../lib\libm-elf.a(funpack.eo)
                              c:/program files (x86)/microchip/xc16/v1.26/bin/bin/../../lib\libm-elf.a(fixsfsi.eo) (__funpack)
c:/program files (x86)/microchip/xc16/v1.26/bin/bin/../../lib\libm-elf.a(funpack2.eo)
                              c:/program files (x86)/microchip/xc16/v1.26/bin/bin/../../lib\libm-elf.a(addsf3.eo) (__funpack2)
c:/program files (x86)/microchip/xc16/v1.26/bin/bin/../../lib\libm-elf.a(futil.eo)
                              c:/program files (x86)/microchip/xc16/v1.26/bin/bin/../../lib\libm-elf.a(addsf3.eo) (__fPropagateNaN)
c:/program files (x86)/microchip/xc16/v1.26/bin/bin/../../lib\libm-elf.a(mulsf3.eo)
                              build/default/production/source/print3d_kinmain.o (___mulsf3)
c:/program files (x86)/microchip/xc16/v1.26/bin/bin/../../lib\libm-elf.a(sqrtf.eo)
                              build/default/production/source/print3d_kinmain.o (_sqrtf)
c:/program files (x86)/microchip/xc16/v1.26/bin/bin/../../lib\libm-elf.a(errno.eo)
                              c:/program files (x86)/microchip/xc16/v1.26/bin/bin/../../lib\libm-elf.a(sqrtf.eo) (_errno)
c:/program files (x86)/microchip/xc16/v1.26/bin/bin/../../lib\libm-elf.a(fcompare.eo)
                              c:/program files (x86)/microchip/xc16/v1.26/bin/bin/../../lib\libm-elf.a(feqltle.eo) (__fcompare)
c:/program files (x86)/microchip/xc16/v1.26/bin/bin/../../lib\libm-elf.a(floatdisf.eo)
                              c:/program files (x86)/microchip/xc16/v1.26/bin/bin/../../lib\libm-elf.a(floatsisf.eo) (___floatdisf)
c:/program files (x86)/microchip/xc16/v1.26/bin/bin/../../lib\libm-elf.a(floatundisf.eo)
                              c:/program files (x86)/microchip/xc16/v1.26/bin/bin/../../lib\libm-elf.a(floatunsisf.eo) (___floatundisf)
c:/program files (x86)/microchip/xc16/v1.26/bin/bin/../../lib\libc-elf.a(printf_s.XXeo)
                              build/default/production/source/print3d_kinmain.o (__printf_0)
c:/program files (x86)/microchip/xc16/v1.26/bin/bin/../../lib\libc-elf.a(_iob.eo)
                              c:/program files (x86)/microchip/xc16/v1.26/bin/bin/../../lib\libc-elf.a(printf_s.XXeo) (__iob)
c:/program files (x86)/microchip/xc16/v1.26/bin/bin/../../lib\libc-elf.a(doprnt_s.XXeo)
                              c:/program files (x86)/microchip/xc16/v1.26/bin/bin/../../lib\libc-elf.a(printf_s.XXeo) (__vfprintf_s)
c:/program files (x86)/microchip/xc16/v1.26/bin/bin/../../lib\libc-elf.a(fputc.eo)
                              c:/program files (x86)/microchip/xc16/v1.26/bin/bin/../../lib\libc-elf.a(doprnt_s.XXeo) (_fputc)
c:/program files (x86)/microchip/xc16/v1.26/bin/bin/../../lib\libc-elf.a(flsbuf.eo)
                              c:/program files (x86)/microchip/xc16/v1.26/bin/bin/../../lib\libc-elf.a(fputc.eo) (__flsbuf)
c:/program files (x86)/microchip/xc16/v1.26/bin/bin/../../lib\libpic30-elf.a(write.eo)
                              c:/program files (x86)/microchip/xc16/v1.26/bin/bin/../../lib\libc-elf.a(fputc.eo) (_write)
c:/program files (x86)/microchip/xc16/v1.26/bin/bin/../../lib\libpic30-elf.a(c30_uart.eo)
                              c:/program files (x86)/microchip/xc16/v1.26/bin/bin/../../lib\libpic30-elf.a(write.eo) (___C30_UART)
c:/program files (x86)/microchip/xc16/v1.26/bin/bin/../../lib\libm-elf.a(udivsi3.eo)
                              c:/program files (x86)/microchip/xc16/v1.26/bin/bin/../../lib\libc-elf.a(doprnt_s.XXeo) (___udivsi3)
c:/program files (x86)/microchip/xc16/v1.26/bin/bin/../../lib\libm-elf.a(mulsi3.eo)
                              c:/program files (x86)/microchip/xc16/v1.26/bin/bin/../../lib\libc-elf.a(doprnt_s.XXeo) (___mulsi3)


Selected CodeGuard Options:
  FGS:GWRP:OFF
  FGS:GSS:OFF
  FSS:SWRP:WRPROTECT_OFF
  FSS:SSS:NO_FLASH
  FSS:RSS:NO_RAM
  FBS:BWRP:WRPROTECT_OFF
  FBS:BSS:NO_FLASH
  FBS:RBS:NO_RAM

CodeGuard FLASH Memory:
  boot    (none)
  secure  (none)
  general 0x200 to 0x157fe

CodeGuard RAM Memory:
  general 0x800 to 0x27ff
  secure  (none)
  boot    (none)


xc16-ld 1.26 (A)

Program Memory  [Origin = 0x200, Length = 0x15600]

section                    address   length (PC units)   length (bytes) (dec)
-------                    -------   -----------------   --------------------
.text                        0x200               0xb6c          0x1122  (4386)
.const                       0xd6c                0x3e            0x5d  (93)
.text                        0xdaa              0x4d16          0x73a1  (29601)
.dinit                      0x5ac0                0xea           0x15f  (351)
.init.delay32               0x5baa                0x1c            0x2a  (42)
.shared.dinit               0x5bc6                 0x2             0x3  (3)

                 Total program memory used (bytes):         0x86ac  (34476) 26%


Ivt Memory  [Origin = 0x4, Length = 0xfc]

section                    address   length (PC units)   length (bytes) (dec)
-------                    -------   -----------------   --------------------
.ivt._T1Interrupt             0x1a                 0x2             0x3  (3)
.ivt._T3Interrupt             0x24                 0x2             0x3  (3)
.ivt._U1RXInterrupt           0x2a                 0x2             0x3  (3)


Data Memory  [Origin = 0x800, Length = 0x2000]

section                    address      alignment gaps    total length  (dec)
-------                    -------      --------------    -------------------
.nbss                        0x800                   0            0xa6  (166)
.ndata                       0x8a6                   0            0x2e  (46)
.nbss                        0x8d4                   0             0x2  (2)
.data                        0x8d6                   0            0xb8  (184)
.bss                         0x98e                   0            0x4e  (78)
.data                        0x9dc                   0            0x26  (38)
.bss                         0xa02                   0             0x6  (6)
.data                        0xa08                   0             0x2  (2)

                 Total data memory used (bytes):          0x20a  (522) 6%


Dynamic Memory Usage

region                     address                      maximum length  (dec)
------                     -------                      ---------------------
heap                             0                                   0  (0)
stack                        0xa0a                              0x1df6  (7670)

                 Maximum dynamic memory (bytes):         0x1df6  (7670)


External Symbols in Data Memory (by address):

                    0x0800                  _tof
                    0x0804                  _pix2
                    0x0808                  _Gtype
                    0x080a                  _redrad
                    0x080e                  _np1
                    0x0812                  _np2
                    0x0816                  _dm1
                    0x081a                  _dm2
                    0x081e                  _dmE
                    0x0822                  _flex
                    0x0826                  _const_pc
                    0x082a                  _cont
                    0x082e                  _valDL
                    0x0832                  _valDX
                    0x0836                  _valDY
                    0x083a                  _valDLq
                    0x083e                  _casoC
                    0x083f                  _mDXY
                    0x0840                  _stateX
                    0x0841                  _stateY
                    0x0842                  _ndt1x
                    0x0846                  _ndtmx
                    0x084a                  _ndt2x
                    0x084e                  _cont2
                    0x0852                  _ddl1
                    0x0856                  _ddl2
                    0x085a                  _ddx1
                    0x085e                  _ddx2
                    0x0862                  _ddy1
                    0x0866                  _ddy2
                    0x086a                  _dl
                    0x086e                  _dlq
                    0x0872                  _dlt
                    0x0876                  _sinA
                    0x087a                  _cosA
                    0x087e                  _yc
                    0x0882                  _xc
                    0x0886                  _xcq
                    0x088a                  _r
                    0x088e                  _rq
                    0x0892                  _vd
                    0x0896                  _valXb
                    0x089a                  _valYb
                    0x089e                  _dataCont
                    0x089f                  _gdataCont
                    0x08a0                  _dataInit
                    0x08a1                  _GcodeInit
                    0x08a2                  _ncG
                    0x08a3                  _byte1
                    0x08a4                  _byte2
                    0x08a5                  _error
                    0x08a6                  _coordX
                    0x08aa                  _coordY
                    0x08ae                  _coordZ
                    0x08b2                  _G1
                    0x08b3                  _G2
                    0x08b4                  _G3
                    0x08b6                  _nppr
                    0x08ba                  _nppa
                    0x08be                  _rotorRad
                    0x08c2                  _dt
                    0x08c6                  _ndt1
                    0x08ca                  _ndt2
                    0x08ce                  _reduc
                    0x08d2                  _STT_PKG
                    0x08d3                  _END_PKG
                    0x098e                  _gcode
                    0x0994                  _g1code
                    0x09ac                  _g2code
                    0x09c4                  _g3code
                    0x09dc                  __iob
                    0x0a00                  __Files
                    0x0a02                  __outdone
                    0x0a03                  __sibuf
                    0x0a05                  __sobuf
                    0x0a08                  ___C30_UART

External Symbols in Data Memory (by name):

                    0x08d3                  _END_PKG
                    0x08b2                  _G1
                    0x08b3                  _G2
                    0x08b4                  _G3
                    0x08a1                  _GcodeInit
                    0x0808                  _Gtype
                    0x08d2                  _STT_PKG
                    0x0a00                  __Files
                    0x0a08                  ___C30_UART
                    0x09dc                  __iob
                    0x0a02                  __outdone
                    0x0a03                  __sibuf
                    0x0a05                  __sobuf
                    0x08a3                  _byte1
                    0x08a4                  _byte2
                    0x083e                  _casoC
                    0x0826                  _const_pc
                    0x082a                  _cont
                    0x084e                  _cont2
                    0x08a6                  _coordX
                    0x08aa                  _coordY
                    0x08ae                  _coordZ
                    0x087a                  _cosA
                    0x089e                  _dataCont
                    0x08a0                  _dataInit
                    0x0852                  _ddl1
                    0x0856                  _ddl2
                    0x085a                  _ddx1
                    0x085e                  _ddx2
                    0x0862                  _ddy1
                    0x0866                  _ddy2
                    0x086a                  _dl
                    0x086e                  _dlq
                    0x0872                  _dlt
                    0x0816                  _dm1
                    0x081a                  _dm2
                    0x081e                  _dmE
                    0x08c2                  _dt
                    0x08a5                  _error
                    0x0822                  _flex
                    0x0994                  _g1code
                    0x09ac                  _g2code
                    0x09c4                  _g3code
                    0x098e                  _gcode
                    0x089f                  _gdataCont
                    0x083f                  _mDXY
                    0x08a2                  _ncG
                    0x08c6                  _ndt1
                    0x0842                  _ndt1x
                    0x08ca                  _ndt2
                    0x084a                  _ndt2x
                    0x0846                  _ndtmx
                    0x080e                  _np1
                    0x0812                  _np2
                    0x08ba                  _nppa
                    0x08b6                  _nppr
                    0x0804                  _pix2
                    0x088a                  _r
                    0x080a                  _redrad
                    0x08ce                  _reduc
                    0x08be                  _rotorRad
                    0x088e                  _rq
                    0x0876                  _sinA
                    0x0840                  _stateX
                    0x0841                  _stateY
                    0x0800                  _tof
                    0x082e                  _valDL
                    0x083a                  _valDLq
                    0x0832                  _valDX
                    0x0836                  _valDY
                    0x0896                  _valXb
                    0x089a                  _valYb
                    0x0892                  _vd
                    0x0882                  _xc
                    0x0886                  _xcq
                    0x087e                  _yc

External Symbols in Program Memory (by address):

                  0x000200                  __resetPRI
                  0x00022c                  __psv_init
                  0x00023c                  __data_init
                  0x00023c                  __data_init_standard
                  0x0002a8                  __DefaultInterrupt
                  0x000308                  ___subsf3
                  0x00030a                  ___addsf3
                  0x0003c4                  ___divsf3
                  0x000448                  ___ltsf2
                  0x000448                  ___eqsf2
                  0x000448                  ___lesf2
                  0x00044c                  ___gtsf2
                  0x00044c                  ___gesf2
                  0x000450                  ___fixsfsi
                  0x000492                  ___floatsisf
                  0x000498                  ___floatunsisf
                  0x00049c                  __fpack
                  0x0004e8                  __funpack
                  0x000512                  __funpack2
                  0x000522                  __fPropagateNaN
                  0x000534                  __fbopExit
                  0x00053c                  __fbopReturnNaN
                  0x000542                  ___mulsf3
                  0x0005aa                  _sqrtf
                  0x000614                  __fcompare
                  0x00064a                  ___floatdisf
                  0x00066a                  ___floatundisf
                  0x0006c8                  __printf_0
                  0x0006c8                  __printf_s
                  0x0006e8                  __vfprintf_0
                  0x0006e8                  __vfprintf_s
                  0x000d40                  ___udivsi3
                  0x000d60                  ___mulp32peds3
                  0x000d60                  ___mulp32eds3
                  0x000d60                  ___mulsi3
                  0x000da6                  _pi
                  0x000daa                  _config_clock
                  0x000e14                  _send_float
                  0x000e54                  _send_int32
                  0x000e94                  _send_int16
                  0x000eba                  _send_float_vt
                  0x000ece                  _send_int32_vt
                  0x000ee2                  _send_int16_vt
                  0x000ef6                  _genFloat
                  0x000f16                  _genLong
                  0x000f36                  _genShort
                  0x000f4a                  _config_RN171XV
                  0x000f96                  __T3Interrupt
                  0x000fae                  _config_T3
                  0x000fd8                  _circ_xb1
                  0x001018                  _circ_xb2
                  0x00105a                  _circ_yb1
                  0x00109a                  _circ_yb2
                  0x0010dc                  _genDistq
                  0x001134                  _genDist
                  0x00115a                  _setup_kinematics
                  0x0011b6                  _calc_DM1
                  0x0011e0                  _calc_DM2
                  0x00120a                  _gen_FLEX
                  0x00121e                  _calc_DME
                  0x001232                  _putch
                  0x00124a                  _save_datg1
                  0x0012c2                  _save_datg2
                  0x00133c                  _save_datg3
                  0x0013b6                  _startGcode
                  0x0013c4                  __U1RXInterrupt
                  0x0014ae                  _config_uart1
                  0x001500                  _G1RT
                  0x0017d4                  _g1um
                  0x001cde                  _g1
                  0x001d2e                  _G2RT
                  0x002a30                  _g2um
                  0x003b08                  _g2
                  0x003b84                  _G3RT
                  0x004886                  _g3um
                  0x00595a                  _g3
                  0x0059d6                  __T1Interrupt
                  0x005a1a                  _config_T1
                  0x005a44                  _main
                  0x005baa                  ___delay32
                  0xf80000                  __FBS.sec
                  0xf80002                  __FSS.sec
                  0xf80004                  __FGS.sec

External Symbols in Program Memory (by name):

                  0x001500                  _G1RT
                  0x001d2e                  _G2RT
                  0x003b84                  _G3RT
                  0x0002a8                  __DefaultInterrupt
                  0xf80000                  __FBS.sec
                  0xf80004                  __FGS.sec
                  0xf80002                  __FSS.sec
                  0x0059d6                  __T1Interrupt
                  0x000f96                  __T3Interrupt
                  0x0013c4                  __U1RXInterrupt
                  0x00030a                  ___addsf3
                  0x005baa                  ___delay32
                  0x0003c4                  ___divsf3
                  0x000448                  ___eqsf2
                  0x000450                  ___fixsfsi
                  0x00064a                  ___floatdisf
                  0x000492                  ___floatsisf
                  0x00066a                  ___floatundisf
                  0x000498                  ___floatunsisf
                  0x00044c                  ___gesf2
                  0x00044c                  ___gtsf2
                  0x000448                  ___lesf2
                  0x000448                  ___ltsf2
                  0x000d60                  ___mulp32eds3
                  0x000d60                  ___mulp32peds3
                  0x000542                  ___mulsf3
                  0x000d60                  ___mulsi3
                  0x000308                  ___subsf3
                  0x000d40                  ___udivsi3
                  0x00023c                  __data_init
                  0x00023c                  __data_init_standard
                  0x000522                  __fPropagateNaN
                  0x000534                  __fbopExit
                  0x00053c                  __fbopReturnNaN
                  0x000614                  __fcompare
                  0x00049c                  __fpack
                  0x0004e8                  __funpack
                  0x000512                  __funpack2
                  0x0006c8                  __printf_0
                  0x0006c8                  __printf_s
                  0x00022c                  __psv_init
                  0x000200                  __resetPRI
                  0x0006e8                  __vfprintf_0
                  0x0006e8                  __vfprintf_s
                  0x0011b6                  _calc_DM1
                  0x0011e0                  _calc_DM2
                  0x00121e                  _calc_DME
                  0x000fd8                  _circ_xb1
                  0x001018                  _circ_xb2
                  0x00105a                  _circ_yb1
                  0x00109a                  _circ_yb2
                  0x000f4a                  _config_RN171XV
                  0x005a1a                  _config_T1
                  0x000fae                  _config_T3
                  0x000daa                  _config_clock
                  0x0014ae                  _config_uart1
                  0x001cde                  _g1
                  0x0017d4                  _g1um
                  0x003b08                  _g2
                  0x002a30                  _g2um
                  0x00595a                  _g3
                  0x004886                  _g3um
                  0x001134                  _genDist
                  0x0010dc                  _genDistq
                  0x000ef6                  _genFloat
                  0x000f16                  _genLong
                  0x000f36                  _genShort
                  0x00120a                  _gen_FLEX
                  0x005a44                  _main
                  0x000da6                  _pi
                  0x001232                  _putch
                  0x00124a                  _save_datg1
                  0x0012c2                  _save_datg2
                  0x00133c                  _save_datg3
                  0x000e14                  _send_float
                  0x000eba                  _send_float_vt
                  0x000e94                  _send_int16
                  0x000ee2                  _send_int16_vt
                  0x000e54                  _send_int32
                  0x000ece                  _send_int32_vt
                  0x00115a                  _setup_kinematics
                  0x0005aa                  _sqrtf
                  0x0013b6                  _startGcode

Memory Configuration

Name             Origin             Length             Attributes
data             0x000800           0x002000           a !xr
reset            0x000000           0x000004  
ivt              0x000004           0x0000fc  
_reserved        0x000100           0x000004  
aivt             0x000104           0x0000fc  
program          0x000200           0x015600           xr
FBS              0xf80000           0x000002  
FSS              0xf80002           0x000002  
FGS              0xf80004           0x000002  
FOSCSEL          0xf80006           0x000002  
FOSC             0xf80008           0x000002  
FWDT             0xf8000a           0x000002  
FPOR             0xf8000c           0x000002  
FICD             0xf8000e           0x000002  
FUID0            0xf80010           0x000002  
FUID1            0xf80012           0x000002  
FUID2            0xf80014           0x000002  
FUID3            0xf80016           0x000002  
*default*        0x000000           0xffffffff  

Linker script and memory map

LOAD build/default/production/source/print3d_kinmain.o
                    0x0001                  __MPLAB_BUILD = 0x1
LOAD p24HJ128GP206
LOAD c:/program files (x86)/microchip/xc16/v1.26/bin/bin/../../lib\libfx-elf.a
                    0xf80000                  __FBS = 0xf80000
                    0xf80002                  __FSS = 0xf80002
                    0xf80004                  __FGS = 0xf80004
                    0xf80006                  __FOSCSEL = 0xf80006
                    0xf80008                  __FOSC = 0xf80008
                    0xf8000a                  __FWDT = 0xf8000a
                    0xf8000c                  __FPOR = 0xf8000c
                    0xf8000e                  __FICD = 0xf8000e
                    0xf80010                  __FUID0 = 0xf80010
                    0xf80012                  __FUID1 = 0xf80012
                    0xf80014                  __FUID2 = 0xf80014
                    0xf80016                  __FUID3 = 0xf80016
                    0x0200                  __CODE_BASE = 0x200
                    0x15600                  __CODE_LENGTH = 0x15600
                    0x0004                  __IVT_BASE = 0x4
                    0x0104                  __AIVT_BASE = 0x104
                    0x0800                  __DATA_BASE = 0x800
                    0x2000                  __DATA_LENGTH = 0x2000
                    0x2000                  __DMA_BASE = 0x2000
                    0x27ff                  __DMA_END = 0x27ff

.reset            0x000000          0x4
                  0x000000          0x2 SHORT 0x200 ABSOLUTE (__reset)
                  0x000001          0x2 SHORT 0x4
                  0x000002          0x2 SHORT 0x0 ((ABSOLUTE (__reset) >> 0x10) & 0x7f)
                  0x000003          0x2 SHORT 0x0

.text             0x000200        0xb6c
 *(.init)
 .init            0x000200         0x3c c:/program files (x86)/microchip/xc16/v1.26/bin/bin/../../lib\libpic30-elf.a(crt0_standard.o)
                  0x000200                  __resetPRI
                  0x000200                  __reset
                  0x00022c                  __psv_init
 .init            0x00023c         0x6c c:/program files (x86)/microchip/xc16/v1.26/bin/bin/../../lib\libpic30-elf.a(data_init_standard.o)
                  0x00023c                  __data_init_standard
                  0x00023c                  __data_init
 *(.user_init)
 *(.handle)
 *(.isr*)
 .isr             0x0002a8          0x4 default_isr
                  0x0002a8                  __DefaultInterrupt
 *(.libc)
 .libc            0x0002ac         0x5c c:/program files (x86)/microchip/xc16/v1.26/bin/bin/../../lib\libpic30-elf.a(write.eo)
                  0x0002ac                  _write
 *(.libm)
 *(.libdsp)
 *(.lib*)
 .libm.subsf3     0x000308         0xbc c:/program files (x86)/microchip/xc16/v1.26/bin/bin/../../lib\libm-elf.a(addsf3.eo)
                  0x000308                  ___subsf3
                  0x00030a                  ___addsf3
 .libm.divfs3     0x0003c4         0x84 c:/program files (x86)/microchip/xc16/v1.26/bin/bin/../../lib\libm-elf.a(divsf3.eo)
                  0x0003c4                  ___divsf3
 .libm.eqsf2      0x000448          0x4 c:/program files (x86)/microchip/xc16/v1.26/bin/bin/../../lib\libm-elf.a(feqltle.eo)
                  0x000448                  ___eqsf2
                  0x000448                  ___ltsf2
                  0x000448                  ___lesf2
 .libm.gtsf2      0x00044c          0x4 c:/program files (x86)/microchip/xc16/v1.26/bin/bin/../../lib\libm-elf.a(fgtge.eo)
                  0x00044c                  ___gesf2
                  0x00044c                  ___gtsf2
 .libm.fixsfsi    0x000450         0x42 c:/program files (x86)/microchip/xc16/v1.26/bin/bin/../../lib\libm-elf.a(fixsfsi.eo)
                  0x000450                  _(float, int, long long, short, float, short, int)
 .libm.floatsisf
                  0x000492          0x6 c:/program files (x86)/microchip/xc16/v1.26/bin/bin/../../lib\libm-elf.a(floatsisf.eo)
                  0x000492                  ___floatsisf
 .libm.floatunsisf
                  0x000498          0x4 c:/program files (x86)/microchip/xc16/v1.26/bin/bin/../../lib\libm-elf.a(floatunsisf.eo)
                  0x000498                  ___floatunsisf
 .libm.fpack      0x00049c         0x4c c:/program files (x86)/microchip/xc16/v1.26/bin/bin/../../lib\libm-elf.a(fpack.eo)
                  0x00049c                  __fpack
 .libm.funpack    0x0004e8         0x2a c:/program files (x86)/microchip/xc16/v1.26/bin/bin/../../lib\libm-elf.a(funpack.eo)
                  0x0004e8                  __funpack
 .libm.funpack2
                  0x000512         0x10 c:/program files (x86)/microchip/xc16/v1.26/bin/bin/../../lib\libm-elf.a(funpack2.eo)
                  0x000512                  __funpack2
 .libm.fPropagateNaN
                  0x000522         0x12 c:/program files (x86)/microchip/xc16/v1.26/bin/bin/../../lib\libm-elf.a(futil.eo)
                  0x000522                  __fPropagateNaN
 .libm.fbobExit
                  0x000534          0x8 c:/program files (x86)/microchip/xc16/v1.26/bin/bin/../../lib\libm-elf.a(futil.eo)
                  0x000534                  __fbopExit
 .libm.fbopReturnNaN
                  0x00053c          0x6 c:/program files (x86)/microchip/xc16/v1.26/bin/bin/../../lib\libm-elf.a(futil.eo)
                  0x00053c                  __fbopReturnNaN
 .libm.mulsf3     0x000542         0x68 c:/program files (x86)/microchip/xc16/v1.26/bin/bin/../../lib\libm-elf.a(mulsf3.eo)
                  0x000542                  ___mulsf3
 .libm.sqrtf      0x0005aa         0x6a c:/program files (x86)/microchip/xc16/v1.26/bin/bin/../../lib\libm-elf.a(sqrtf.eo)
                  0x0005aa                  _sqrtf
 .libm.fcompare
                  0x000614         0x36 c:/program files (x86)/microchip/xc16/v1.26/bin/bin/../../lib\libm-elf.a(fcompare.eo)
                  0x000614                  __fcompare
 .libm.floatdisf
                  0x00064a         0x20 c:/program files (x86)/microchip/xc16/v1.26/bin/bin/../../lib\libm-elf.a(floatdisf.eo)
                  0x00064a                  ___floatdisf
 .libm.floatundisf
                  0x00066a         0x5e c:/program files (x86)/microchip/xc16/v1.26/bin/bin/../../lib\libm-elf.a(floatundisf.eo)
                  0x00066a                  ___floatundisf
 .libc._printf_s
                  0x0006c8          0xe c:/program files (x86)/microchip/xc16/v1.26/bin/bin/../../lib\libc-elf.a(printf_s.XXeo)
                  0x0006c8                  __printf_s
                  0x0006c8                  __printf_0
 .libc.sputc      0x0006d6         0x12 c:/program files (x86)/microchip/xc16/v1.26/bin/bin/../../lib\libc-elf.a(doprnt_s.XXeo)
 .libc._vfprintf_s
                  0x0006e8        0x550 c:/program files (x86)/microchip/xc16/v1.26/bin/bin/../../lib\libc-elf.a(doprnt_s.XXeo)
                  0x0006e8                  __vfprintf_0
                  0x0006e8                  __vfprintf_s
 .libc.fputc      0x000c38         0x86 c:/program files (x86)/microchip/xc16/v1.26/bin/bin/../../lib\libc-elf.a(fputc.eo)
                  0x000c38                  _fputc
 .libc._flsbuf    0x000cbe         0x7e c:/program files (x86)/microchip/xc16/v1.26/bin/bin/../../lib\libc-elf.a(flsbuf.eo)
                  0x000cbe                  __flsbuf
 .libc.dowrite    0x000d3c          0x4 c:/program files (x86)/microchip/xc16/v1.26/bin/bin/../../lib\libpic30-elf.a(write.eo)
 .libm.udivsi3    0x000d40         0x20 c:/program files (x86)/microchip/xc16/v1.26/bin/bin/../../lib\libm-elf.a(udivsi3.eo)
                  0x000d40                  ___udivsi3
 .libm.mulsi3     0x000d60          0xc c:/program files (x86)/microchip/xc16/v1.26/bin/bin/../../lib\libm-elf.a(mulsi3.eo)
                  0x000d60                  ___mulp32peds3
                  0x000d60                  ___mulsi3
                  0x000d60                  ___mulp32eds3

usercode
 *(usercode)

__FBS             0xf80000          0x2
 *(__FBS.sec*)
 __FBS.sec        0xf80000          0x2 FBS
                  0xf80000                  __FBS.sec

__FSS             0xf80002          0x2
 *(__FSS.sec*)
 __FSS.sec        0xf80002          0x2 FSS
                  0xf80002                  __FSS.sec

__FGS             0xf80004          0x2
 *(__FGS.sec*)
 __FGS.sec        0xf80004          0x2 FGS
                  0xf80004                  __FGS.sec

__FOSCSEL
 *(__FOSCSEL.sec*)

__FOSC
 *(__FOSC.sec*)

__FWDT
 *(__FWDT.sec*)

__FPOR
 *(__FPOR.sec*)

__FICD
 *(__FICD.sec*)

__FUID0
 *(__FUID0.sec*)

__FUID1
 *(__FUID1.sec*)

__FUID2
 *(__FUID2.sec*)

__FUID3
 *(__FUID3.sec*)

.comment
 *(.comment)

.debug_info       0x000000       0x3352
 *(.debug_info)
 .debug_info      0x000000       0x3352 build/default/production/source/print3d_kinmain.o
 *(.gnu.linkonce.wi.*)

.debug_abbrev     0x000000        0x263
 *(.debug_abbrev)
 .debug_abbrev    0x000000        0x263 build/default/production/source/print3d_kinmain.o

.debug_line       0x000000        0x9a1
 *(.debug_line)
 .debug_line      0x000000        0x9a1 build/default/production/source/print3d_kinmain.o

.debug_frame      0x000000        0x5d4
 *(.debug_frame)
 .debug_frame     0x000000        0x5d4 build/default/production/source/print3d_kinmain.o

.debug_str        0x000000        0x112
 *(.debug_str)
 .debug_str       0x000000        0x112 build/default/production/source/print3d_kinmain.o

.debug_loc
 *(.debug_loc)

.debug_macinfo
 *(.debug_macinfo)

.debug_pubnames
                  0x000000        0x4f3
 *(.debug_pubnames)
 .debug_pubnames
                  0x000000        0x4f3 build/default/production/source/print3d_kinmain.o

.debug_ranges
 *(.debug_ranges)

.debug_aranges    0x000000         0x18
 *(.debug_aranges)
 .debug_aranges
                  0x000000         0x18 build/default/production/source/print3d_kinmain.o
                    0x0000                  WREG0 = 0x0
                    0x0000                  _WREG0 = 0x0
                    0x0002                  WREG1 = 0x2
                    0x0002                  _WREG1 = 0x2
                    0x0004                  WREG2 = 0x4
                    0x0004                  _WREG2 = 0x4
                    0x0006                  WREG3 = 0x6
                    0x0006                  _WREG3 = 0x6
                    0x0008                  WREG4 = 0x8
                    0x0008                  _WREG4 = 0x8
                    0x000a                  WREG5 = 0xa
                    0x000a                  _WREG5 = 0xa
                    0x000c                  WREG6 = 0xc
                    0x000c                  _WREG6 = 0xc
                    0x000e                  WREG7 = 0xe
                    0x000e                  _WREG7 = 0xe
                    0x0010                  WREG8 = 0x10
                    0x0010                  _WREG8 = 0x10
                    0x0012                  WREG9 = 0x12
                    0x0012                  _WREG9 = 0x12
                    0x0014                  WREG10 = 0x14
                    0x0014                  _WREG10 = 0x14
                    0x0016                  WREG11 = 0x16
                    0x0016                  _WREG11 = 0x16
                    0x0018                  WREG12 = 0x18
                    0x0018                  _WREG12 = 0x18
                    0x001a                  WREG13 = 0x1a
                    0x001a                  _WREG13 = 0x1a
                    0x001c                  WREG14 = 0x1c
                    0x001c                  _WREG14 = 0x1c
                    0x001e                  WREG15 = 0x1e
                    0x001e                  _WREG15 = 0x1e
                    0x0020                  SPLIM = 0x20
                    0x0020                  _SPLIM = 0x20
                    0x002e                  PCL = 0x2e
                    0x002e                  _PCL = 0x2e
                    0x0030                  PCH = 0x30
                    0x0030                  _PCH = 0x30
                    0x0032                  TBLPAG = 0x32
                    0x0032                  _TBLPAG = 0x32
                    0x0034                  PSVPAG = 0x34
                    0x0034                  _PSVPAG = 0x34
                    0x0036                  RCOUNT = 0x36
                    0x0036                  _RCOUNT = 0x36
                    0x0042                  SR = 0x42
                    0x0042                  _SR = 0x42
                    0x0042                  _SRbits = 0x42
                    0x0044                  CORCON = 0x44
                    0x0044                  _CORCON = 0x44
                    0x0044                  _CORCONbits = 0x44
                    0x0052                  DISICNT = 0x52
                    0x0052                  _DISICNT = 0x52
                    0x0060                  CNEN1 = 0x60
                    0x0060                  _CNEN1 = 0x60
                    0x0060                  _CNEN1bits = 0x60
                    0x0062                  CNEN2 = 0x62
                    0x0062                  _CNEN2 = 0x62
                    0x0062                  _CNEN2bits = 0x62
                    0x0068                  CNPU1 = 0x68
                    0x0068                  _CNPU1 = 0x68
                    0x0068                  _CNPU1bits = 0x68
                    0x006a                  CNPU2 = 0x6a
                    0x006a                  _CNPU2 = 0x6a
                    0x006a                  _CNPU2bits = 0x6a
                    0x0080                  INTCON1 = 0x80
                    0x0080                  _INTCON1 = 0x80
                    0x0080                  _INTCON1bits = 0x80
                    0x0082                  INTCON2 = 0x82
                    0x0082                  _INTCON2 = 0x82
                    0x0082                  _INTCON2bits = 0x82
                    0x0084                  IFS0 = 0x84
                    0x0084                  _IFS0 = 0x84
                    0x0084                  _IFS0bits = 0x84
                    0x0086                  IFS1 = 0x86
                    0x0086                  _IFS1 = 0x86
                    0x0086                  _IFS1bits = 0x86
                    0x0088                  IFS2 = 0x88
                    0x0088                  _IFS2 = 0x88
                    0x0088                  _IFS2bits = 0x88
                    0x008a                  IFS3 = 0x8a
                    0x008a                  _IFS3 = 0x8a
                    0x008a                  _IFS3bits = 0x8a
                    0x008c                  IFS4 = 0x8c
                    0x008c                  _IFS4 = 0x8c
                    0x008c                  _IFS4bits = 0x8c
                    0x0094                  IEC0 = 0x94
                    0x0094                  _IEC0 = 0x94
                    0x0094                  _IEC0bits = 0x94
                    0x0096                  IEC1 = 0x96
                    0x0096                  _IEC1 = 0x96
                    0x0096                  _IEC1bits = 0x96
                    0x0098                  IEC2 = 0x98
                    0x0098                  _IEC2 = 0x98
                    0x0098                  _IEC2bits = 0x98
                    0x009a                  IEC3 = 0x9a
                    0x009a                  _IEC3 = 0x9a
                    0x009a                  _IEC3bits = 0x9a
                    0x009c                  IEC4 = 0x9c
                    0x009c                  _IEC4 = 0x9c
                    0x009c                  _IEC4bits = 0x9c
                    0x00a4                  IPC0 = 0xa4
                    0x00a4                  _IPC0 = 0xa4
                    0x00a4                  _IPC0bits = 0xa4
                    0x00a6                  IPC1 = 0xa6
                    0x00a6                  _IPC1 = 0xa6
                    0x00a6                  _IPC1bits = 0xa6
                    0x00a8                  IPC2 = 0xa8
                    0x00a8                  _IPC2 = 0xa8
                    0x00a8                  _IPC2bits = 0xa8
                    0x00aa                  IPC3 = 0xaa
                    0x00aa                  _IPC3 = 0xaa
                    0x00aa                  _IPC3bits = 0xaa
                    0x00ac                  IPC4 = 0xac
                    0x00ac                  _IPC4 = 0xac
                    0x00ac                  _IPC4bits = 0xac
                    0x00ae                  IPC5 = 0xae
                    0x00ae                  _IPC5 = 0xae
                    0x00ae                  _IPC5bits = 0xae
                    0x00b0                  IPC6 = 0xb0
                    0x00b0                  _IPC6 = 0xb0
                    0x00b0                  _IPC6bits = 0xb0
                    0x00b2                  IPC7 = 0xb2
                    0x00b2                  _IPC7 = 0xb2
                    0x00b2                  _IPC7bits = 0xb2
                    0x00b4                  IPC8 = 0xb4
                    0x00b4                  _IPC8 = 0xb4
                    0x00b4                  _IPC8bits = 0xb4
                    0x00b6                  IPC9 = 0xb6
                    0x00b6                  _IPC9 = 0xb6
                    0x00b6                  _IPC9bits = 0xb6
                    0x00b8                  IPC10 = 0xb8
                    0x00b8                  _IPC10 = 0xb8
                    0x00b8                  _IPC10bits = 0xb8
                    0x00ba                  IPC11 = 0xba
                    0x00ba                  _IPC11 = 0xba
                    0x00ba                  _IPC11bits = 0xba
                    0x00bc                  IPC12 = 0xbc
                    0x00bc                  _IPC12 = 0xbc
                    0x00bc                  _IPC12bits = 0xbc
                    0x00be                  IPC13 = 0xbe
                    0x00be                  _IPC13 = 0xbe
                    0x00be                  _IPC13bits = 0xbe
                    0x00c2                  IPC15 = 0xc2
                    0x00c2                  _IPC15 = 0xc2
                    0x00c2                  _IPC15bits = 0xc2
                    0x00c4                  IPC16 = 0xc4
                    0x00c4                  _IPC16 = 0xc4
                    0x00c4                  _IPC16bits = 0xc4
                    0x00c6                  IPC17 = 0xc6
                    0x00c6                  _IPC17 = 0xc6
                    0x00c6                  _IPC17bits = 0xc6
                    0x00e0                  INTTREG = 0xe0
                    0x00e0                  _INTTREG = 0xe0
                    0x00e0                  _INTTREGbits = 0xe0
                    0x0100                  TMR1 = 0x100
                    0x0100                  _TMR1 = 0x100
                    0x0102                  PR1 = 0x102
                    0x0102                  _PR1 = 0x102
                    0x0104                  T1CON = 0x104
                    0x0104                  _T1CON = 0x104
                    0x0104                  _T1CONbits = 0x104
                    0x0106                  TMR2 = 0x106
                    0x0106                  _TMR2 = 0x106
                    0x0108                  TMR3HLD = 0x108
                    0x0108                  _TMR3HLD = 0x108
                    0x010a                  TMR3 = 0x10a
                    0x010a                  _TMR3 = 0x10a
                    0x010c                  PR2 = 0x10c
                    0x010c                  _PR2 = 0x10c
                    0x010e                  PR3 = 0x10e
                    0x010e                  _PR3 = 0x10e
                    0x0110                  T2CON = 0x110
                    0x0110                  _T2CON = 0x110
                    0x0110                  _T2CONbits = 0x110
                    0x0112                  T3CON = 0x112
                    0x0112                  _T3CON = 0x112
                    0x0112                  _T3CONbits = 0x112
                    0x0114                  TMR4 = 0x114
                    0x0114                  _TMR4 = 0x114
                    0x0116                  TMR5HLD = 0x116
                    0x0116                  _TMR5HLD = 0x116
                    0x0118                  TMR5 = 0x118
                    0x0118                  _TMR5 = 0x118
                    0x011a                  PR4 = 0x11a
                    0x011a                  _PR4 = 0x11a
                    0x011c                  PR5 = 0x11c
                    0x011c                  _PR5 = 0x11c
                    0x011e                  T4CON = 0x11e
                    0x011e                  _T4CON = 0x11e
                    0x011e                  _T4CONbits = 0x11e
                    0x0120                  T5CON = 0x120
                    0x0120                  _T5CON = 0x120
                    0x0120                  _T5CONbits = 0x120
                    0x0122                  TMR6 = 0x122
                    0x0122                  _TMR6 = 0x122
                    0x0124                  TMR7HLD = 0x124
                    0x0124                  _TMR7HLD = 0x124
                    0x0126                  TMR7 = 0x126
                    0x0126                  _TMR7 = 0x126
                    0x0128                  PR6 = 0x128
                    0x0128                  _PR6 = 0x128
                    0x012a                  PR7 = 0x12a
                    0x012a                  _PR7 = 0x12a
                    0x012c                  T6CON = 0x12c
                    0x012c                  _T6CON = 0x12c
                    0x012c                  _T6CONbits = 0x12c
                    0x012e                  T7CON = 0x12e
                    0x012e                  _T7CON = 0x12e
                    0x012e                  _T7CONbits = 0x12e
                    0x0130                  TMR8 = 0x130
                    0x0130                  _TMR8 = 0x130
                    0x0132                  TMR9HLD = 0x132
                    0x0132                  _TMR9HLD = 0x132
                    0x0134                  TMR9 = 0x134
                    0x0134                  _TMR9 = 0x134
                    0x0136                  PR8 = 0x136
                    0x0136                  _PR8 = 0x136
                    0x0138                  PR9 = 0x138
                    0x0138                  _PR9 = 0x138
                    0x013a                  T8CON = 0x13a
                    0x013a                  _T8CON = 0x13a
                    0x013a                  _T8CONbits = 0x13a
                    0x013c                  T9CON = 0x13c
                    0x013c                  _T9CON = 0x13c
                    0x013c                  _T9CONbits = 0x13c
                    0x0140                  IC1BUF = 0x140
                    0x0140                  _IC1BUF = 0x140
                    0x0142                  IC1CON = 0x142
                    0x0142                  _IC1CON = 0x142
                    0x0142                  _IC1CONbits = 0x142
                    0x0144                  IC2BUF = 0x144
                    0x0144                  _IC2BUF = 0x144
                    0x0146                  IC2CON = 0x146
                    0x0146                  _IC2CON = 0x146
                    0x0146                  _IC2CONbits = 0x146
                    0x0148                  IC3BUF = 0x148
                    0x0148                  _IC3BUF = 0x148
                    0x014a                  IC3CON = 0x14a
                    0x014a                  _IC3CON = 0x14a
                    0x014a                  _IC3CONbits = 0x14a
                    0x014c                  IC4BUF = 0x14c
                    0x014c                  _IC4BUF = 0x14c
                    0x014e                  IC4CON = 0x14e
                    0x014e                  _IC4CON = 0x14e
                    0x014e                  _IC4CONbits = 0x14e
                    0x0150                  IC5BUF = 0x150
                    0x0150                  _IC5BUF = 0x150
                    0x0152                  IC5CON = 0x152
                    0x0152                  _IC5CON = 0x152
                    0x0152                  _IC5CONbits = 0x152
                    0x0154                  IC6BUF = 0x154
                    0x0154                  _IC6BUF = 0x154
                    0x0156                  IC6CON = 0x156
                    0x0156                  _IC6CON = 0x156
                    0x0156                  _IC6CONbits = 0x156
                    0x0158                  IC7BUF = 0x158
                    0x0158                  _IC7BUF = 0x158
                    0x015a                  IC7CON = 0x15a
                    0x015a                  _IC7CON = 0x15a
                    0x015a                  _IC7CONbits = 0x15a
                    0x015c                  IC8BUF = 0x15c
                    0x015c                  _IC8BUF = 0x15c
                    0x015e                  IC8CON = 0x15e
                    0x015e                  _IC8CON = 0x15e
                    0x015e                  _IC8CONbits = 0x15e
                    0x0180                  OC1RS = 0x180
                    0x0180                  _OC1RS = 0x180
                    0x0182                  OC1R = 0x182
                    0x0182                  _OC1R = 0x182
                    0x0184                  OC1CON = 0x184
                    0x0184                  _OC1CON = 0x184
                    0x0184                  _OC1CONbits = 0x184
                    0x0186                  OC2RS = 0x186
                    0x0186                  _OC2RS = 0x186
                    0x0188                  OC2R = 0x188
                    0x0188                  _OC2R = 0x188
                    0x018a                  OC2CON = 0x18a
                    0x018a                  _OC2CON = 0x18a
                    0x018a                  _OC2CONbits = 0x18a
                    0x018c                  OC3RS = 0x18c
                    0x018c                  _OC3RS = 0x18c
                    0x018e                  OC3R = 0x18e
                    0x018e                  _OC3R = 0x18e
                    0x0190                  OC3CON = 0x190
                    0x0190                  _OC3CON = 0x190
                    0x0190                  _OC3CONbits = 0x190
                    0x0192                  OC4RS = 0x192
                    0x0192                  _OC4RS = 0x192
                    0x0194                  OC4R = 0x194
                    0x0194                  _OC4R = 0x194
                    0x0196                  OC4CON = 0x196
                    0x0196                  _OC4CON = 0x196
                    0x0196                  _OC4CONbits = 0x196
                    0x0198                  OC5RS = 0x198
                    0x0198                  _OC5RS = 0x198
                    0x019a                  OC5R = 0x19a
                    0x019a                  _OC5R = 0x19a
                    0x019c                  OC5CON = 0x19c
                    0x019c                  _OC5CON = 0x19c
                    0x019c                  _OC5CONbits = 0x19c
                    0x019e                  OC6RS = 0x19e
                    0x019e                  _OC6RS = 0x19e
                    0x01a0                  OC6R = 0x1a0
                    0x01a0                  _OC6R = 0x1a0
                    0x01a2                  OC6CON = 0x1a2
                    0x01a2                  _OC6CON = 0x1a2
                    0x01a2                  _OC6CONbits = 0x1a2
                    0x01a4                  OC7RS = 0x1a4
                    0x01a4                  _OC7RS = 0x1a4
                    0x01a6                  OC7R = 0x1a6
                    0x01a6                  _OC7R = 0x1a6
                    0x01a8                  OC7CON = 0x1a8
                    0x01a8                  _OC7CON = 0x1a8
                    0x01a8                  _OC7CONbits = 0x1a8
                    0x01aa                  OC8RS = 0x1aa
                    0x01aa                  _OC8RS = 0x1aa
                    0x01ac                  OC8R = 0x1ac
                    0x01ac                  _OC8R = 0x1ac
                    0x01ae                  OC8CON = 0x1ae
                    0x01ae                  _OC8CON = 0x1ae
                    0x01ae                  _OC8CONbits = 0x1ae
                    0x0200                  I2C1RCV = 0x200
                    0x0200                  _I2C1RCV = 0x200
                    0x0200                  I2CRCV = 0x200
                    0x0200                  _I2CRCV = 0x200
                    0x0202                  I2C1TRN = 0x202
                    0x0202                  _I2C1TRN = 0x202
                    0x0202                  I2CTRN = 0x202
                    0x0202                  _I2CTRN = 0x202
                    0x0204                  I2C1BRG = 0x204
                    0x0204                  _I2C1BRG = 0x204
                    0x0206                  I2C1CON = 0x206
                    0x0206                  _I2C1CON = 0x206
                    0x0206                  _I2C1CONbits = 0x206
                    0x0206                  I2CCON = 0x206
                    0x0206                  _I2CCON = 0x206
                    0x0206                  _I2CCONbits = 0x206
                    0x0208                  I2C1STAT = 0x208
                    0x0208                  _I2C1STAT = 0x208
                    0x0208                  _I2C1STATbits = 0x208
                    0x0208                  I2CSTAT = 0x208
                    0x0208                  _I2CSTAT = 0x208
                    0x0208                  _I2CSTATbits = 0x208
                    0x020a                  I2C1ADD = 0x20a
                    0x020a                  _I2C1ADD = 0x20a
                    0x020a                  I2CADD = 0x20a
                    0x020a                  _I2CADD = 0x20a
                    0x020c                  I2C1MSK = 0x20c
                    0x020c                  _I2C1MSK = 0x20c
                    0x0210                  I2C2RCV = 0x210
                    0x0210                  _I2C2RCV = 0x210
                    0x0212                  I2C2TRN = 0x212
                    0x0212                  _I2C2TRN = 0x212
                    0x0214                  I2C2BRG = 0x214
                    0x0214                  _I2C2BRG = 0x214
                    0x0216                  I2C2CON = 0x216
                    0x0216                  _I2C2CON = 0x216
                    0x0216                  _I2C2CONbits = 0x216
                    0x0218                  I2C2STAT = 0x218
                    0x0218                  _I2C2STAT = 0x218
                    0x0218                  _I2C2STATbits = 0x218
                    0x021a                  I2C2ADD = 0x21a
                    0x021a                  _I2C2ADD = 0x21a
                    0x021c                  I2C2MSK = 0x21c
                    0x021c                  _I2C2MSK = 0x21c
                    0x0220                  U1MODE = 0x220
                    0x0220                  _U1MODE = 0x220
                    0x0220                  _U1MODEbits = 0x220
                    0x0222                  U1STA = 0x222
                    0x0222                  _U1STA = 0x222
                    0x0222                  _U1STAbits = 0x222
                    0x0224                  U1TXREG = 0x224
                    0x0224                  _U1TXREG = 0x224
                    0x0224                  _U1TXREGbits = 0x224
                    0x0226                  U1RXREG = 0x226
                    0x0226                  _U1RXREG = 0x226
                    0x0226                  _U1RXREGbits = 0x226
                    0x0228                  U1BRG = 0x228
                    0x0228                  _U1BRG = 0x228
                    0x0230                  U2MODE = 0x230
                    0x0230                  _U2MODE = 0x230
                    0x0230                  _U2MODEbits = 0x230
                    0x0232                  U2STA = 0x232
                    0x0232                  _U2STA = 0x232
                    0x0232                  _U2STAbits = 0x232
                    0x0234                  U2TXREG = 0x234
                    0x0234                  _U2TXREG = 0x234
                    0x0234                  _U2TXREGbits = 0x234
                    0x0236                  U2RXREG = 0x236
                    0x0236                  _U2RXREG = 0x236
                    0x0236                  _U2RXREGbits = 0x236
                    0x0238                  U2BRG = 0x238
                    0x0238                  _U2BRG = 0x238
                    0x0240                  SPI1STAT = 0x240
                    0x0240                  _SPI1STAT = 0x240
                    0x0240                  _SPI1STATbits = 0x240
                    0x0242                  SPI1CON1 = 0x242
                    0x0242                  _SPI1CON1 = 0x242
                    0x0242                  _SPI1CON1bits = 0x242
                    0x0244                  SPI1CON2 = 0x244
                    0x0244                  _SPI1CON2 = 0x244
                    0x0244                  _SPI1CON2bits = 0x244
                    0x0248                  SPI1BUF = 0x248
                    0x0248                  _SPI1BUF = 0x248
                    0x0260                  SPI2STAT = 0x260
                    0x0260                  _SPI2STAT = 0x260
                    0x0260                  _SPI2STATbits = 0x260
                    0x0262                  SPI2CON1 = 0x262
                    0x0262                  _SPI2CON1 = 0x262
                    0x0262                  _SPI2CON1bits = 0x262
                    0x0264                  SPI2CON2 = 0x264
                    0x0264                  _SPI2CON2 = 0x264
                    0x0264                  _SPI2CON2bits = 0x264
                    0x0268                  SPI2BUF = 0x268
                    0x0268                  _SPI2BUF = 0x268
                    0x02c6                  TRISB = 0x2c6
                    0x02c6                  _TRISB = 0x2c6
                    0x02c6                  _TRISBbits = 0x2c6
                    0x02c8                  PORTB = 0x2c8
                    0x02c8                  _PORTB = 0x2c8
                    0x02c8                  _PORTBbits = 0x2c8
                    0x02ca                  LATB = 0x2ca
                    0x02ca                  _LATB = 0x2ca
                    0x02ca                  _LATBbits = 0x2ca
                    0x02cc                  TRISC = 0x2cc
                    0x02cc                  _TRISC = 0x2cc
                    0x02cc                  _TRISCbits = 0x2cc
                    0x02ce                  PORTC = 0x2ce
                    0x02ce                  _PORTC = 0x2ce
                    0x02ce                  _PORTCbits = 0x2ce
                    0x02d0                  LATC = 0x2d0
                    0x02d0                  _LATC = 0x2d0
                    0x02d0                  _LATCbits = 0x2d0
                    0x02d2                  TRISD = 0x2d2
                    0x02d2                  _TRISD = 0x2d2
                    0x02d2                  _TRISDbits = 0x2d2
                    0x02d4                  PORTD = 0x2d4
                    0x02d4                  _PORTD = 0x2d4
                    0x02d4                  _PORTDbits = 0x2d4
                    0x02d6                  LATD = 0x2d6
                    0x02d6                  _LATD = 0x2d6
                    0x02d6                  _LATDbits = 0x2d6
                    0x02de                  TRISF = 0x2de
                    0x02de                  _TRISF = 0x2de
                    0x02de                  _TRISFbits = 0x2de
                    0x02e0                  PORTF = 0x2e0
                    0x02e0                  _PORTF = 0x2e0
                    0x02e0                  _PORTFbits = 0x2e0
                    0x02e2                  LATF = 0x2e2
                    0x02e2                  _LATF = 0x2e2
                    0x02e2                  _LATFbits = 0x2e2
                    0x02e4                  TRISG = 0x2e4
                    0x02e4                  _TRISG = 0x2e4
                    0x02e4                  _TRISGbits = 0x2e4
                    0x02e6                  PORTG = 0x2e6
                    0x02e6                  _PORTG = 0x2e6
                    0x02e6                  _PORTGbits = 0x2e6
                    0x02e8                  LATG = 0x2e8
                    0x02e8                  _LATG = 0x2e8
                    0x02e8                  _LATGbits = 0x2e8
                    0x0300                  ADC1BUF0 = 0x300
                    0x0300                  _ADC1BUF0 = 0x300
                    0x0300                  ADCBUF0 = 0x300
                    0x0300                  _ADCBUF0 = 0x300
                    0x0320                  AD1CON1 = 0x320
                    0x0320                  _AD1CON1 = 0x320
                    0x0320                  _AD1CON1bits = 0x320
                    0x0322                  AD1CON2 = 0x322
                    0x0322                  _AD1CON2 = 0x322
                    0x0322                  _AD1CON2bits = 0x322
                    0x0324                  AD1CON3 = 0x324
                    0x0324                  _AD1CON3 = 0x324
                    0x0324                  _AD1CON3bits = 0x324
                    0x0326                  AD1CHS123 = 0x326
                    0x0326                  _AD1CHS123 = 0x326
                    0x0326                  _AD1CHS123bits = 0x326
                    0x0328                  AD1CHS0 = 0x328
                    0x0328                  _AD1CHS0 = 0x328
                    0x0328                  _AD1CHS0bits = 0x328
                    0x032a                  AD1PCFGH = 0x32a
                    0x032a                  _AD1PCFGH = 0x32a
                    0x032a                  _AD1PCFGHbits = 0x32a
                    0x032c                  AD1PCFGL = 0x32c
                    0x032c                  _AD1PCFGL = 0x32c
                    0x032c                  _AD1PCFGLbits = 0x32c
                    0x032c                  ADPCFG = 0x32c
                    0x032c                  _ADPCFG = 0x32c
                    0x032c                  _ADPCFGbits = 0x32c
                    0x032e                  AD1CSSH = 0x32e
                    0x032e                  _AD1CSSH = 0x32e
                    0x032e                  _AD1CSSHbits = 0x32e
                    0x0330                  AD1CSSL = 0x330
                    0x0330                  _AD1CSSL = 0x330
                    0x0330                  _AD1CSSLbits = 0x330
                    0x0332                  AD1CON4 = 0x332
                    0x0332                  _AD1CON4 = 0x332
                    0x0332                  _AD1CON4bits = 0x332
                    0x0380                  DMA0CON = 0x380
                    0x0380                  _DMA0CON = 0x380
                    0x0380                  _DMA0CONbits = 0x380
                    0x0382                  DMA0REQ = 0x382
                    0x0382                  _DMA0REQ = 0x382
                    0x0382                  _DMA0REQbits = 0x382
                    0x0384                  DMA0STA = 0x384
                    0x0384                  _DMA0STA = 0x384
                    0x0386                  DMA0STB = 0x386
                    0x0386                  _DMA0STB = 0x386
                    0x0388                  DMA0PAD = 0x388
                    0x0388                  _DMA0PAD = 0x388
                    0x038a                  DMA0CNT = 0x38a
                    0x038a                  _DMA0CNT = 0x38a
                    0x038c                  DMA1CON = 0x38c
                    0x038c                  _DMA1CON = 0x38c
                    0x038c                  _DMA1CONbits = 0x38c
                    0x038e                  DMA1REQ = 0x38e
                    0x038e                  _DMA1REQ = 0x38e
                    0x038e                  _DMA1REQbits = 0x38e
                    0x0390                  DMA1STA = 0x390
                    0x0390                  _DMA1STA = 0x390
                    0x0392                  DMA1STB = 0x392
                    0x0392                  _DMA1STB = 0x392
                    0x0394                  DMA1PAD = 0x394
                    0x0394                  _DMA1PAD = 0x394
                    0x0396                  DMA1CNT = 0x396
                    0x0396                  _DMA1CNT = 0x396
                    0x0398                  DMA2CON = 0x398
                    0x0398                  _DMA2CON = 0x398
                    0x0398                  _DMA2CONbits = 0x398
                    0x039a                  DMA2REQ = 0x39a
                    0x039a                  _DMA2REQ = 0x39a
                    0x039a                  _DMA2REQbits = 0x39a
                    0x039c                  DMA2STA = 0x39c
                    0x039c                  _DMA2STA = 0x39c
                    0x039e                  DMA2STB = 0x39e
                    0x039e                  _DMA2STB = 0x39e
                    0x03a0                  DMA2PAD = 0x3a0
                    0x03a0                  _DMA2PAD = 0x3a0
                    0x03a2                  DMA2CNT = 0x3a2
                    0x03a2                  _DMA2CNT = 0x3a2
                    0x03a4                  DMA3CON = 0x3a4
                    0x03a4                  _DMA3CON = 0x3a4
                    0x03a4                  _DMA3CONbits = 0x3a4
                    0x03a6                  DMA3REQ = 0x3a6
                    0x03a6                  _DMA3REQ = 0x3a6
                    0x03a6                  _DMA3REQbits = 0x3a6
                    0x03a8                  DMA3STA = 0x3a8
                    0x03a8                  _DMA3STA = 0x3a8
                    0x03aa                  DMA3STB = 0x3aa
                    0x03aa                  _DMA3STB = 0x3aa
                    0x03ac                  DMA3PAD = 0x3ac
                    0x03ac                  _DMA3PAD = 0x3ac
                    0x03ae                  DMA3CNT = 0x3ae
                    0x03ae                  _DMA3CNT = 0x3ae
                    0x03b0                  DMA4CON = 0x3b0
                    0x03b0                  _DMA4CON = 0x3b0
                    0x03b0                  _DMA4CONbits = 0x3b0
                    0x03b2                  DMA4REQ = 0x3b2
                    0x03b2                  _DMA4REQ = 0x3b2
                    0x03b2                  _DMA4REQbits = 0x3b2
                    0x03b4                  DMA4STA = 0x3b4
                    0x03b4                  _DMA4STA = 0x3b4
                    0x03b6                  DMA4STB = 0x3b6
                    0x03b6                  _DMA4STB = 0x3b6
                    0x03b8                  DMA4PAD = 0x3b8
                    0x03b8                  _DMA4PAD = 0x3b8
                    0x03ba                  DMA4CNT = 0x3ba
                    0x03ba                  _DMA4CNT = 0x3ba
                    0x03bc                  DMA5CON = 0x3bc
                    0x03bc                  _DMA5CON = 0x3bc
                    0x03bc                  _DMA5CONbits = 0x3bc
                    0x03be                  DMA5REQ = 0x3be
                    0x03be                  _DMA5REQ = 0x3be
                    0x03be                  _DMA5REQbits = 0x3be
                    0x03c0                  DMA5STA = 0x3c0
                    0x03c0                  _DMA5STA = 0x3c0
                    0x03c2                  DMA5STB = 0x3c2
                    0x03c2                  _DMA5STB = 0x3c2
                    0x03c4                  DMA5PAD = 0x3c4
                    0x03c4                  _DMA5PAD = 0x3c4
                    0x03c6                  DMA5CNT = 0x3c6
                    0x03c6                  _DMA5CNT = 0x3c6
                    0x03c8                  DMA6CON = 0x3c8
                    0x03c8                  _DMA6CON = 0x3c8
                    0x03c8                  _DMA6CONbits = 0x3c8
                    0x03ca                  DMA6REQ = 0x3ca
                    0x03ca                  _DMA6REQ = 0x3ca
                    0x03ca                  _DMA6REQbits = 0x3ca
                    0x03cc                  DMA6STA = 0x3cc
                    0x03cc                  _DMA6STA = 0x3cc
                    0x03ce                  DMA6STB = 0x3ce
                    0x03ce                  _DMA6STB = 0x3ce
                    0x03d0                  DMA6PAD = 0x3d0
                    0x03d0                  _DMA6PAD = 0x3d0
                    0x03d2                  DMA6CNT = 0x3d2
                    0x03d2                  _DMA6CNT = 0x3d2
                    0x03d4                  DMA7CON = 0x3d4
                    0x03d4                  _DMA7CON = 0x3d4
                    0x03d4                  _DMA7CONbits = 0x3d4
                    0x03d6                  DMA7REQ = 0x3d6
                    0x03d6                  _DMA7REQ = 0x3d6
                    0x03d6                  _DMA7REQbits = 0x3d6
                    0x03d8                  DMA7STA = 0x3d8
                    0x03d8                  _DMA7STA = 0x3d8
                    0x03da                  DMA7STB = 0x3da
                    0x03da                  _DMA7STB = 0x3da
                    0x03dc                  DMA7PAD = 0x3dc
                    0x03dc                  _DMA7PAD = 0x3dc
                    0x03de                  DMA7CNT = 0x3de
                    0x03de                  _DMA7CNT = 0x3de
                    0x03e0                  DMACS0 = 0x3e0
                    0x03e0                  _DMACS0 = 0x3e0
                    0x03e0                  _DMACS0bits = 0x3e0
                    0x03e2                  DMACS1 = 0x3e2
                    0x03e2                  _DMACS1 = 0x3e2
                    0x03e2                  _DMACS1bits = 0x3e2
                    0x03e4                  DSADR = 0x3e4
                    0x03e4                  _DSADR = 0x3e4
                    0x06d2                  ODCD = 0x6d2
                    0x06d2                  _ODCD = 0x6d2
                    0x06d2                  _ODCDbits = 0x6d2
                    0x06de                  ODCF = 0x6de
                    0x06de                  _ODCF = 0x6de
                    0x06de                  _ODCFbits = 0x6de
                    0x06e4                  ODCG = 0x6e4
                    0x06e4                  _ODCG = 0x6e4
                    0x06e4                  _ODCGbits = 0x6e4
                    0x0740                  RCON = 0x740
                    0x0740                  _RCON = 0x740
                    0x0740                  _RCONbits = 0x740
                    0x0742                  OSCCON = 0x742
                    0x0742                  _OSCCON = 0x742
                    0x0742                  _OSCCONbits = 0x742
                    0x0742                  OSCCONL = 0x742
                    0x0742                  _OSCCONL = 0x742
                    0x0743                  OSCCONH = 0x743
                    0x0743                  _OSCCONH = 0x743
                    0x0744                  CLKDIV = 0x744
                    0x0744                  _CLKDIV = 0x744
                    0x0744                  _CLKDIVbits = 0x744
                    0x0746                  PLLFBD = 0x746
                    0x0746                  _PLLFBD = 0x746
                    0x0746                  _PLLFBDbits = 0x746
                    0x0748                  OSCTUN = 0x748
                    0x0748                  _OSCTUN = 0x748
                    0x0748                  _OSCTUNbits = 0x748
                    0x0750                  BSRAM = 0x750
                    0x0750                  _BSRAM = 0x750
                    0x0750                  _BSRAMbits = 0x750
                    0x0752                  SSRAM = 0x752
                    0x0752                  _SSRAM = 0x752
                    0x0752                  _SSRAMbits = 0x752
                    0x0760                  NVMCON = 0x760
                    0x0760                  _NVMCON = 0x760
                    0x0760                  _NVMCONbits = 0x760
                    0x0766                  NVMKEY = 0x766
                    0x0766                  _NVMKEY = 0x766
                    0x0770                  PMD1 = 0x770
                    0x0770                  _PMD1 = 0x770
                    0x0770                  _PMD1bits = 0x770
                    0x0772                  PMD2 = 0x772
                    0x0772                  _PMD2 = 0x772
                    0x0772                  _PMD2bits = 0x772
                    0x0774                  PMD3 = 0x774
                    0x0774                  _PMD3 = 0x774
                    0x0774                  _PMD3bits = 0x774
                    0x0140                  IC1 = 0x140
                    0x0140                  _IC1 = 0x140
                    0x0144                  IC2 = 0x144
                    0x0144                  _IC2 = 0x144
                    0x0148                  IC3 = 0x148
                    0x0148                  _IC3 = 0x148
                    0x014c                  IC4 = 0x14c
                    0x014c                  _IC4 = 0x14c
                    0x0150                  IC5 = 0x150
                    0x0150                  _IC5 = 0x150
                    0x0154                  IC6 = 0x154
                    0x0154                  _IC6 = 0x154
                    0x0158                  IC7 = 0x158
                    0x0158                  _IC7 = 0x158
                    0x015c                  IC8 = 0x15c
                    0x015c                  _IC8 = 0x15c
                    0x0180                  OC1 = 0x180
                    0x0180                  _OC1 = 0x180
                    0x0186                  OC2 = 0x186
                    0x0186                  _OC2 = 0x186
                    0x018c                  OC3 = 0x18c
                    0x018c                  _OC3 = 0x18c
                    0x0192                  OC4 = 0x192
                    0x0192                  _OC4 = 0x192
                    0x0198                  OC5 = 0x198
                    0x0198                  _OC5 = 0x198
                    0x019e                  OC6 = 0x19e
                    0x019e                  _OC6 = 0x19e
                    0x01a4                  OC7 = 0x1a4
                    0x01a4                  _OC7 = 0x1a4
                    0x01aa                  OC8 = 0x1aa
                    0x01aa                  _OC8 = 0x1aa
                    0x0240                  SPI1 = 0x240
                    0x0240                  _SPI1 = 0x240
                    0x0260                  SPI2 = 0x260
                    0x0260                  _SPI2 = 0x260
                    0x0220                  UART1 = 0x220
                    0x0220                  _UART1 = 0x220
                    0x0230                  UART2 = 0x230
                    0x0230                  _UART2 = 0x230
START GROUP
LOAD c:/program files (x86)/microchip/xc16/v1.26/bin/bin/../../lib\libpic30-elf.a
LOAD c:/program files (x86)/microchip/xc16/v1.26/bin/bin/../../lib\libm-elf.a
LOAD c:/program files (x86)/microchip/xc16/v1.26/bin/bin/../../lib\libc-elf.a
END GROUP
OUTPUT(dist/default/production/Print3D_Kin.X.production.elf elf32-pic30)
LOAD FGS
LOAD FSS
LOAD FBS
LOAD default_isr
LOAD data_init
LOAD shared_data_init

.debug_pubtypes
                  0x000018        0x1df
 .debug_pubtypes
                  0x000018        0x1df build/default/production/source/print3d_kinmain.o

__c30_signature
                  0x0001f7         0xb4
 __c30_signature
                  0x0001f7          0x6 build/default/production/source/print3d_kinmain.o
 __c30_signature
                  0x0001fd          0x6 c:/program files (x86)/microchip/xc16/v1.26/bin/bin/../../lib\libpic30-elf.a(crt0_standard.o)
 __c30_signature
                  0x000203          0x6 c:/program files (x86)/microchip/xc16/v1.26/bin/bin/../../lib\libpic30-elf.a(data_init_standard.o)
 __c30_signature
                  0x000209          0x6 c:/program files (x86)/microchip/xc16/v1.26/bin/bin/../../lib\libpic30-elf.a(delay32.eo)
 __c30_signature
                  0x00020f          0x6 c:/program files (x86)/microchip/xc16/v1.26/bin/bin/../../lib\libm-elf.a(addsf3.eo)
 __c30_signature
                  0x000215          0x6 c:/program files (x86)/microchip/xc16/v1.26/bin/bin/../../lib\libm-elf.a(divsf3.eo)
 __c30_signature
                  0x00021b          0x6 c:/program files (x86)/microchip/xc16/v1.26/bin/bin/../../lib\libm-elf.a(feqltle.eo)
 __c30_signature
                  0x000221          0x6 c:/program files (x86)/microchip/xc16/v1.26/bin/bin/../../lib\libm-elf.a(fgtge.eo)
 __c30_signature
                  0x000227          0x6 c:/program files (x86)/microchip/xc16/v1.26/bin/bin/../../lib\libm-elf.a(fixsfsi.eo)
 __c30_signature
                  0x00022d          0x6 c:/program files (x86)/microchip/xc16/v1.26/bin/bin/../../lib\libm-elf.a(floatsisf.eo)
 __c30_signature
                  0x000233          0x6 c:/program files (x86)/microchip/xc16/v1.26/bin/bin/../../lib\libm-elf.a(floatunsisf.eo)
 __c30_signature
                  0x000239          0x6 c:/program files (x86)/microchip/xc16/v1.26/bin/bin/../../lib\libm-elf.a(fpack.eo)
 __c30_signature
                  0x00023f          0x6 c:/program files (x86)/microchip/xc16/v1.26/bin/bin/../../lib\libm-elf.a(funpack.eo)
 __c30_signature
                  0x000245          0x6 c:/program files (x86)/microchip/xc16/v1.26/bin/bin/../../lib\libm-elf.a(funpack2.eo)
 __c30_signature
                  0x00024b          0x6 c:/program files (x86)/microchip/xc16/v1.26/bin/bin/../../lib\libm-elf.a(futil.eo)
 __c30_signature
                  0x000251          0x6 c:/program files (x86)/microchip/xc16/v1.26/bin/bin/../../lib\libm-elf.a(mulsf3.eo)
 __c30_signature
                  0x000257          0x6 c:/program files (x86)/microchip/xc16/v1.26/bin/bin/../../lib\libm-elf.a(sqrtf.eo)
 __c30_signature
                  0x00025d          0x6 c:/program files (x86)/microchip/xc16/v1.26/bin/bin/../../lib\libm-elf.a(errno.eo)
 __c30_signature
                  0x000263          0x6 c:/program files (x86)/microchip/xc16/v1.26/bin/bin/../../lib\libm-elf.a(fcompare.eo)
 __c30_signature
                  0x000269          0x6 c:/program files (x86)/microchip/xc16/v1.26/bin/bin/../../lib\libm-elf.a(floatdisf.eo)
 __c30_signature
                  0x00026f          0x6 c:/program files (x86)/microchip/xc16/v1.26/bin/bin/../../lib\libm-elf.a(floatundisf.eo)
 __c30_signature
                  0x000275          0x6 c:/program files (x86)/microchip/xc16/v1.26/bin/bin/../../lib\libc-elf.a(printf_s.XXeo)
 __c30_signature
                  0x00027b          0x6 c:/program files (x86)/microchip/xc16/v1.26/bin/bin/../../lib\libc-elf.a(_iob.eo)
 __c30_signature
                  0x000281          0x6 c:/program files (x86)/microchip/xc16/v1.26/bin/bin/../../lib\libc-elf.a(doprnt_s.XXeo)
 __c30_signature
                  0x000287          0x6 c:/program files (x86)/microchip/xc16/v1.26/bin/bin/../../lib\libc-elf.a(fputc.eo)
 __c30_signature
                  0x00028d          0x6 c:/program files (x86)/microchip/xc16/v1.26/bin/bin/../../lib\libc-elf.a(flsbuf.eo)
 __c30_signature
                  0x000293          0x6 c:/program files (x86)/microchip/xc16/v1.26/bin/bin/../../lib\libpic30-elf.a(write.eo)
 __c30_signature
                  0x000299          0x6 c:/program files (x86)/microchip/xc16/v1.26/bin/bin/../../lib\libpic30-elf.a(c30_uart.eo)
 __c30_signature
                  0x00029f          0x6 c:/program files (x86)/microchip/xc16/v1.26/bin/bin/../../lib\libm-elf.a(udivsi3.eo)
 __c30_signature
                  0x0002a5          0x6 c:/program files (x86)/microchip/xc16/v1.26/bin/bin/../../lib\libm-elf.a(mulsi3.eo)

.nbss               0x0800         0xa6
 .nbss              0x0800         0xa6 build/default/production/source/print3d_kinmain.o
                    0x0800                  _tof
                    0x0804                  _pix2
                    0x0808                  _Gtype
                    0x080a                  _redrad
                    0x080e                  _np1
                    0x0812                  _np2
                    0x0816                  _dm1
                    0x081a                  _dm2
                    0x081e                  _dmE
                    0x0822                  _flex
                    0x0826                  _const_pc
                    0x082a                  _cont
                    0x082e                  _valDL
                    0x0832                  _valDX
                    0x0836                  _valDY
                    0x083a                  _valDLq
                    0x083e                  _casoC
                    0x083f                  _mDXY
                    0x0840                  _stateX
                    0x0841                  _stateY
                    0x0842                  _ndt1x
                    0x0846                  _ndtmx
                    0x084a                  _ndt2x
                    0x084e                  _cont2
                    0x0852                  _ddl1
                    0x0856                  _ddl2
                    0x085a                  _ddx1
                    0x085e                  _ddx2
                    0x0862                  _ddy1
                    0x0866                  _ddy2
                    0x086a                  _dl
                    0x086e                  _dlq
                    0x0872                  _dlt
                    0x0876                  _sinA
                    0x087a                  _cosA
                    0x087e                  _yc
                    0x0882                  _xc
                    0x0886                  _xcq
                    0x088a                  _r
                    0x088e                  _rq
                    0x0892                  _vd
                    0x0896                  _valXb
                    0x089a                  _valYb
                    0x089e                  _dataCont
                    0x089f                  _gdataCont
                    0x08a0                  _dataInit
                    0x08a1                  _GcodeInit
                    0x08a2                  _ncG
                    0x08a3                  _byte1
                    0x08a4                  _byte2
                    0x08a5                  _error

.ndata              0x08a6         0x2e
 .ndata             0x08a6         0x2e build/default/production/source/print3d_kinmain.o
                    0x08a6                  _coordX
                    0x08aa                  _coordY
                    0x08ae                  _coordZ
                    0x08b2                  _G1
                    0x08b3                  _G2
                    0x08b4                  _G3
                    0x08b6                  _nppr
                    0x08ba                  _nppa
                    0x08be                  _rotorRad
                    0x08c2                  _dt
                    0x08c6                  _ndt1
                    0x08ca                  _ndt2
                    0x08ce                  _reduc
                    0x08d2                  _STT_PKG
                    0x08d3                  _END_PKG

.nbss               0x08d4          0x2
 .nbss              0x08d4          0x2 c:/program files (x86)/microchip/xc16/v1.26/bin/bin/../../lib\libm-elf.a(errno.eo)
                    0x08d4                  _errno

.data               0x08d6         0xb8
 .data              0x08d6         0xb8 c:/program files (x86)/microchip/xc16/v1.26/bin/bin/../../lib\libc-elf.a(doprnt_s.XXeo)

.bss                0x098e         0x4e
 .bss               0x098e         0x4e build/default/production/source/print3d_kinmain.o
                    0x098e                  _gcode
                    0x0994                  _g1code
                    0x09ac                  _g2code
                    0x09c4                  _g3code

.data               0x09dc         0x26
 .data              0x09dc         0x26 c:/program files (x86)/microchip/xc16/v1.26/bin/bin/../../lib\libc-elf.a(_iob.eo)
                    0x09dc                  __iob
                    0x0a00                  __Files

.bss                0x0a02          0x6
 .bss               0x0a02          0x6 c:/program files (x86)/microchip/xc16/v1.26/bin/bin/../../lib\libc-elf.a(_iob.eo)
                    0x0a02                  __outdone
                    0x0a03                  __sibuf
                    0x0a05                  __sobuf

.data               0x0a08          0x2
 .data              0x0a08          0x2 c:/program files (x86)/microchip/xc16/v1.26/bin/bin/../../lib\libpic30-elf.a(c30_uart.eo)
                    0x0a08                  ___C30_UART

.config_JTAGEN    0xf8000e          0x2
 .config_JTAGEN
                  0xf8000e          0x2 build/default/production/source/print3d_kinmain.o

.config_FPWRT     0xf8000c          0x2
 .config_FPWRT    0xf8000c          0x2 build/default/production/source/print3d_kinmain.o

.config_FWDTEN    0xf8000a          0x2
 .config_FWDTEN
                  0xf8000a          0x2 build/default/production/source/print3d_kinmain.o

.config_FCKSM     0xf80008          0x2
 .config_FCKSM    0xf80008          0x2 build/default/production/source/print3d_kinmain.o

.config_IESO      0xf80006          0x2
 .config_IESO     0xf80006          0x2 build/default/production/source/print3d_kinmain.o

.ivt._T3Interrupt
                  0x000024          0x2
 .ivt._T3Interrupt
                  0x000024          0x2 build/default/production/source/print3d_kinmain.o

.ivt._U1RXInterrupt
                  0x00002a          0x2
 .ivt._U1RXInterrupt
                  0x00002a          0x2 build/default/production/source/print3d_kinmain.o

.ivt._T1Interrupt
                  0x00001a          0x2
 .ivt._T1Interrupt
                  0x00001a          0x2 build/default/production/source/print3d_kinmain.o

.const              0x8d6c         0x3e load address 0x000d6c  
 .const             0x8d6c         0x3e build/default/production/source/print3d_kinmain.o
                    0x8da6                  _pi

.text             0x000daa       0x4d16
 .text            0x000daa       0x4d16 build/default/production/source/print3d_kinmain.o
                  0x000daa                  _config_clock
                  0x000e14                  _send_float
                  0x000e54                  _send_int32
                  0x000e94                  _send_int16
                  0x000eba                  _send_float_vt
                  0x000ece                  _send_int32_vt
                  0x000ee2                  _send_int16_vt
                  0x000ef6                  _genFloat
                  0x000f16                  _genLong
                  0x000f36                  _genShort
                  0x000f4a                  _config_RN171XV
                  0x000f96                  __T3Interrupt
                  0x000fae                  _config_T3
                  0x000fd8                  _circ_xb1
                  0x001018                  _circ_xb2
                  0x00105a                  _circ_yb1
                  0x00109a                  _circ_yb2
                  0x0010dc                  _genDistq
                  0x001134                  _genDist
                  0x00115a                  _setup_kinematics
                  0x0011b6                  _calc_DM1
                  0x0011e0                  _calc_DM2
                  0x00120a                  _gen_FLEX
                  0x00121e                  _calc_DME
                  0x001232                  _putch
                  0x00124a                  _save_datg1
                  0x0012c2                  _save_datg2
                  0x00133c                  _save_datg3
                  0x0013b6                  _startGcode
                  0x0013c4                  __U1RXInterrupt
                  0x0014ae                  _config_uart1
                  0x001500                  _G1RT
                  0x0017d4                  _g1um
                  0x001cde                  _g1
                  0x001d2e                  _G2RT
                  0x002a30                  _g2um
                  0x003b08                  _g2
                  0x003b84                  _G3RT
                  0x004886                  _g3um
                  0x00595a                  _g3
                  0x0059d6                  __T1Interrupt
                  0x005a1a                  _config_T1
                  0x005a44                  _main

.dinit            0x005ac0         0xea
 .dinit           0x005ac0         0xea data_init

.init.delay32     0x005baa         0x1c
 .init.delay32    0x005baa         0x1c c:/program files (x86)/microchip/xc16/v1.26/bin/bin/../../lib\libpic30-elf.a(delay32.eo)
                  0x005baa                  ___delay32

.shared.dinit     0x005bc6          0x2
 .shared.dinit    0x005bc6          0x2 shared_data_init
